// Vitest Snapshot v1, https://vitest.dev/guide/snapshot.html

exports[`formatPokemonInfoBox > long pokemon name 1`] = `
"\`\`\`
+----------------------------------+------------------+
| メガリザードンＸ                 | ほのお・ドラゴン |
+----------------------+-----+-----+---------+--------+
| H ====            78 | 185 | 185 |     153 |    153 |
+----------------------+-----+-----+---------+--------+
| A =======        130 | 200 | 182 |     150 |    135 |
+----------------------+-----+-----+---------+--------+
| B ======         111 | 179 | 163 |     131 |    117 |
+----------------------+-----+-----+---------+--------+
| C =======        130 | 200 | 182 |     150 |    135 |
+----------------------+-----+-----+---------+--------+
| D =====           85 | 150 | 137 |     105 |     94 |
+----------------------+-----+-----+---------+--------+
| S =====          100 | 167 | 152 |     120 |    108 |
+----------------------+-----+-----+---------+--------+
| 特性 かたいツメ                                     |
+-----------------------------------------------------+
\`\`\`"
`;

exports[`formatPokemonInfoBox > multiple abilities pokemon 1`] = `
"\`\`\`
+----------------------------------------+--------------+
| ピッピ                                 |   フェアリー |
+------------------------+-------+-------+-------+------+
| H ====            70   |   177 |   177 |   145 |  145 |
+------------------------+-------+-------+-------+------+
| A ==              45   |   106 |    97 |    65 |   58 |
+------------------------+-------+-------+-------+------+
| B ===             48   |   110 |   100 |    68 |   61 |
+------------------------+-------+-------+-------+------+
| C ===             60   |   123 |   112 |    80 |   72 |
+------------------------+-------+-------+-------+------+
| D ====            65   |   128 |   117 |    85 |   76 |
+------------------------+-------+-------+-------+------+
| S ==              35   |    95 |    87 |    55 |   49 |
+------------------------+-------+-------+-------+------+
| 特性 メロメロボディ / マジックガード / フレンドガード |
+-------------------------------------------------------+
\`\`\`"
`;

exports[`formatPokemonInfoBox > single ability pokemon 1`] = `
"\`\`\`
+----------------------------------+--------------+
| テツノツツミ                     | こおり・みず |
+----------------------+-----+-----+-------+------+
| H ===             56 | 163 | 163 |   131 |  131 |
+----------------------+-----+-----+-------+------+
| A ====            80 | 145 | 132 |   100 |   90 |
+----------------------+-----+-----+-------+------+
| B ======         114 | 182 | 166 |   134 |  120 |
+----------------------+-----+-----+-------+------+
| C =======        124 | 193 | 176 |   144 |  129 |
+----------------------+-----+-----+-------+------+
| D ===             60 | 123 | 112 |    80 |   72 |
+----------------------+-----+-----+-------+------+
| S =======        136 | 206 | 188 |   156 |  140 |
+----------------------+-----+-----+-------+------+
| 特性 クォークチャージ                           |
+-------------------------------------------------+
\`\`\`"
`;
